// Jest Snapshot v1, https://goo.gl/fbAQLP

exports[`Loading component props accepts props 1`] = `
<transition-stub
  appear="false"
  css="true"
  name="custom"
  persisted="true"
>
  <div
    aria-busy="true"
    aria-label="Loading"
    class="vl-overlay vl-active"
    style="z-index: 9999;"
    tabindex="0"
  >
    <div
      class="vl-background"
      style="background: rgb(204, 204, 204); opacity: 0.6;"
    />
    <div
      class="vl-icon"
    >
      
      
      
      <dots
        color="blue"
        height="100"
        width="100"
      />
      
      
      
    </div>
  </div>
</transition-stub>
`;
